// Jest Snapshot v1, https://goo.gl/fbAQLP

exports[`matches snapshot 1`] = `
<Pokecard>
  <div
    style={
      Object {
        "backgroundColor": undefined,
        "borderRadius": "5px",
        "display": "inline-block",
        "margin": "30px",
        "padding": "25px",
      }
    }
  >
    <p>
      <h3 />
    </p>
    <img
      alt="this img"
      src="https://raw.githubusercontent.com/PokeAPI/sprites/master/sprites/pokemon/undefined.png"
    />
    <p>
      Type: 
    </p>
    <p>
      EXP: 
    </p>
  </div>
</Pokecard>
`;
